// Jest Snapshot v1, https://goo.gl/fbAQLP

exports[`Description component matches snapshot 1`] = `
<div>
  <div
    class="css-1jq9h04"
  >
    <p
      class="chakra-text css-1oacvqt"
    >
      ACES Project Fund
    </p>
    <div
      class="css-5qr6tg"
    >
      <p
        class="chakra-text css-1mnnhnb"
      >
        The project fund is set up by ACES with the help of donations from ACES Alumni. It is managed by a committee appointed by ACES and the members are ACES executives and the Head of the Department.
      </p>
    </div>
    <p
      class="chakra-text css-ca6j6m"
    >
      Application Form
    </p>
  </div>
</div>
`;
